-1 (1) 3 (0) 5 (1) 7 (0) 8 (1) 13 (0) 15 (1) 16 (0) 40 (1) 
